> # ----------------------------------------
> # ranking some cameras from euro.com.pl
> # the separation threshold
> library("MCDA")
> epsilon <-0.01
> # the performance table
> performanceTable <- rbind(
+   c(24.3,25600,2499),
+   c(16.3,25600,1739),
+   c(10.2,51200,10299),
+   c(24.3,25600,1999),
+   c(16,25600,2499),
+   c(24.3,25600,4999),
+   c(16,25600,3849),
+   c(16,25600,2449),
+   c(24.2,51200,4399),
+   c(16.84,25600,1699),
+   c(16,25600,2499),
+   c(24.3,25600,3495)
+ )
> rownames(performanceTable) <- c(
+   "Sony Alpha a6000",
+   "Fujifilm X-A10", 
+   "Panasonic DC-GH5S",
+   "Sony Aplha a5100",
+   "Panasonic Lumix DMC-G7",
+   "Sony Alpha a7 II",
+   "Panasonic Lumix DMC G80",
+   "Panasonic Lumix DMC-GX80",
+   "Sony Alpha a6300",
+   "Panasonic Lumix DMC GX800K",
+   "Panasonic Lumix DMC-G7",
+   "Sony Aplpha a7K")
> colnames(performanceTable) <- c(
+   "Rozdzielczosc",
+   "Zakres czulosci",
+   "Cena")
> # ranks of the alternatives
> alternativesRanks <- c(1,2,3,4,5,6,7,8,9,10,11,12)
> names(alternativesRanks) <- row.names(performanceTable)
> # criteria to minimize or maximize
> criteriaMinMax <- c("max","max","min")
> names(criteriaMinMax) <- colnames(performanceTable)
> x<-additiveValueFunctionElicitation(performanceTable,
+                                     criteriaMinMax, epsilon,
+                                     alternativesRanks = alternativesRanks)
> 
> 
> criteriaNumberOfBreakPoints <- c(3,4,4)
> names(criteriaNumberOfBreakPoints) <- colnames(performanceTable)
> x<-UTA(performanceTable, criteriaMinMax,
+        criteriaNumberOfBreakPoints, epsilon,
+        alternativesRanks = alternativesRanks)
> 
> # plot the value functions obtained
> plotPiecewiseLinearValueFunctions(x$valueFunctions)
> # apply the value functions on the original performance table
> transformedPerformanceTable <- applyPiecewiseLinearValueFunctionsOnPerformanceTable(
+   x$valueFunctions,
+   performanceTable)
> # calculate the overall score of each alternative
> weightedSum(transformedPerformanceTable,c(1,1,1))
          Sony Alpha a6000             Fujifilm X-A10 
              0.8992172033               0.8607412675 
         Panasonic DC-GH5S           Sony Aplha a5100 
              0.0633496416               0.9226129252 
    Panasonic Lumix DMC-G7           Sony Alpha a7 II 
              0.8251797702               0.8025148860 
   Panasonic Lumix DMC G80   Panasonic Lumix DMC-GX80 
              0.7620113210               0.8275193424 
          Sony Alpha a6300 Panasonic Lumix DMC GX800K 
              0.8726129252               0.8626129252 
    Panasonic Lumix DMC-G7            Sony Aplpha a7K 
              0.8251797702               0.8526129252 
> 
> print(x)
$optimum
[1] 1.37776

$valueFunctions
$valueFunctions$Rozdzielczosc
  [,1]  [,2]           [,3]
x 10.2 17.25 24.30000000000
y  0.0  0.00  0.07403743316

$valueFunctions$`Zakres czulosci`
   [,1]        [,2]        [,3]             [,4]
x 25600 34133.33333 42666.66667 51200.0000000000
y     0     0.00000     0.00000     0.0633496416

$valueFunctions$Cena
   [,1]            [,2]            [,3]            [,4]
x 10299 7432.3333333333 4565.6666666667 1699.0000000000
y     0    0.7284774529    0.7284774529    0.8626129252


$overallValues
          Sony Alpha a6000             Fujifilm X-A10 
                   0.89922                    0.86074 
         Panasonic DC-GH5S           Sony Aplha a5100 
                   0.06335                    0.92261 
    Panasonic Lumix DMC-G7           Sony Alpha a7 II 
                   0.82518                    0.80251 
   Panasonic Lumix DMC G80   Panasonic Lumix DMC-GX80 
                   0.76201                    0.82752 
          Sony Alpha a6300 Panasonic Lumix DMC GX800K 
                   0.87261                    0.86261 
           Sony Aplpha a7K 
                   0.85261 

$ranks
          Sony Alpha a6000             Fujifilm X-A10 
                         2                          5 
         Panasonic DC-GH5S           Sony Aplha a5100 
                        11                          1 
    Panasonic Lumix DMC-G7           Sony Alpha a7 II 
                         8                          9 
   Panasonic Lumix DMC G80   Panasonic Lumix DMC-GX80 
                        10                          7 
          Sony Alpha a6300 Panasonic Lumix DMC GX800K 
                         3                          4 
           Sony Aplpha a7K 
                         6 

$errors
          Sony Alpha a6000             Fujifilm X-A10 
                   0.05340                    0.08187 
         Panasonic DC-GH5S           Sony Aplha a5100 
                   0.86926                    0.00000 
    Panasonic Lumix DMC-G7           Sony Alpha a7 II 
                   0.08743                    0.10010 
   Panasonic Lumix DMC G80   Panasonic Lumix DMC-GX80 
                   0.13060                    0.05509 
          Sony Alpha a6300 Panasonic Lumix DMC GX800K 
                   0.00000                    0.00000 
           Sony Aplpha a7K 
                   0.00000 

$Kendall
[1] 0.01818181818

$minimumWeightsPO
NULL

$maximumWeightsPO
NULL

$averageValueFunctionsPO
NULL
